Syntax Error
Terjadi kesalahan ekspresi pada line 6 : “<h1>Hello, World!<h1>”
Tidak ada closer tag pada <h1>

KITA GTW NIAT USER MAU BIKIN TAG SEJAJAR ATAU NESTED T-T